docs/swagger.ts(1,26): error TS7016: Could not find a declaration file for module 'swagger-jsdoc'. 'C:/Users/Ryan/Downloads/HireMind/hiremind-API/node_modules/swagger-jsdoc/index.js' implicitly has an 'any' type.
  Try `npm i --save-dev @types/swagger-jsdoc` if it exists or add a new declaration (.d.ts) file containing `declare module 'swagger-jsdoc';`
src/app.ts(2,18): error TS7016: Could not find a declaration file for module 'cors'. 'C:/Users/Ryan/Downloads/HireMind/hiremind-API/node_modules/cors/lib/index.js' implicitly has an 'any' type.
  Try `npm i --save-dev @types/cors` if it exists or add a new declaration (.d.ts) file containing `declare module 'cors';`
src/app.ts(4,20): error TS7016: Could not find a declaration file for module 'morgan'. 'C:/Users/Ryan/Downloads/HireMind/hiremind-API/node_modules/morgan/index.js' implicitly has an 'any' type.
  Try `npm i --save-dev @types/morgan` if it exists or add a new declaration (.d.ts) file containing `declare module 'morgan';`
src/app.ts(10,23): error TS7016: Could not find a declaration file for module 'swagger-ui-express'. 'C:/Users/Ryan/Downloads/HireMind/hiremind-API/node_modules/swagger-ui-express/index.js' implicitly has an 'any' type.
  Try `npm i --save-dev @types/swagger-ui-express` if it exists or add a new declaration (.d.ts) file containing `declare module 'swagger-ui-express';`
src/app.ts(11,29): error TS6059: File 'C:/Users/Ryan/Downloads/HireMind/hiremind-API/docs/swagger.ts' is not under 'rootDir' 'C:/Users/Ryan/Downloads/HireMind/hiremind-API/src'. 'rootDir' is expected to contain all source files.
  The file is in the program because:
    Matched by default include pattern '**/*'
    Imported via "../docs/swagger" from file 'C:/Users/Ryan/Downloads/HireMind/hiremind-API/src/app.ts'
src/modules/companies/company.controller.ts(35,9): error TS2345: Argument of type 'string | string[]' is not assignable to parameter of type 'string'.
  Type 'string[]' is not assignable to type 'string'.
src/modules/jobs/job.controller.ts(30,51): error TS2345: Argument of type 'string | string[]' is not assignable to parameter of type 'string'.
  Type 'string[]' is not assignable to type 'string'.
src/modules/submissions/submission.controller.ts(25,9): error TS2345: Argument of type 'string | string[]' is not assignable to parameter of type 'string'.
  Type 'string[]' is not assignable to type 'string'.
src/modules/users/user.controller.ts(11,54): error TS2339: Property 'user' does not exist on type 'Request<ParamsDictionary, any, any, ParsedQs, Record<string, any>>'.
